../Core/Src/main.c:141:6:HAL_GPIO_EXTI_Callback	16	static
../Core/Src/main.c:171:5:main	16	static
../Core/Src/main.c:371:6:SystemClock_Config	88	static
../Core/Src/main.c:415:13:MX_I2C1_Init	8	static
../Core/Src/main.c:447:13:MX_TIM2_Init	48	static
../Core/Src/main.c:494:13:MX_TIM3_Init	48	static
../Core/Src/main.c:541:13:MX_GPIO_Init	48	static
../Core/Src/main.c:616:7:HC_SR041_ReadDistance	24	static
../Core/Src/main.c:654:7:HC_SR042_ReadDistance	24	static
../Core/Src/main.c:695:6:DWT_Delay_us	24	static
../Core/Src/main.c:708:6:ReadSHT85	40	static
../Core/Src/main.c:731:6:setAlarm	24	static
../Core/Src/main.c:774:6:calculatorAverageTemperature	16	static
../Core/Src/main.c:790:6:LED_Red_On	8	static
../Core/Src/main.c:796:6:LED_Green_On	8	static
../Core/Src/main.c:802:6:LED_Blue_On	8	static
../Core/Src/main.c:808:6:LED_All_Off	8	static
../Core/Src/main.c:822:6:Error_Handler	4	static,ignoring_inline_asm
