../Core/Src/main.c:130:6:HAL_GPIO_EXTI_Callback	24	static
../Core/Src/main.c:166:5:main	24	static
../Core/Src/main.c:334:6:SystemClock_Config	88	static
../Core/Src/main.c:381:13:MX_I2C1_Init	8	static
../Core/Src/main.c:415:13:MX_TIM2_Init	48	static
../Core/Src/main.c:464:13:MX_TIM3_Init	48	static
../Core/Src/main.c:513:13:MX_GPIO_Init	48	static
../Core/Src/main.c:587:7:HC_SR041_ReadDistance	24	static
../Core/Src/main.c:623:7:HC_SR042_ReadDistance	24	static
../Core/Src/main.c:662:6:DWT_Delay_us	24	static
../Core/Src/main.c:675:6:ReadSHT85	40	static
../Core/Src/main.c:698:6:setAlarm	24	static
../Core/Src/main.c:734:6:calculatorAverageTemperature	16	static
../Core/Src/main.c:749:6:LED_Red_On	8	static
../Core/Src/main.c:755:6:LED_Green_On	8	static
../Core/Src/main.c:761:6:LED_Blue_On	8	static
../Core/Src/main.c:767:6:LED_All_Off	8	static
../Core/Src/main.c:781:6:Error_Handler	4	static,ignoring_inline_asm
