21:05:14 **** Incremental Build of configuration Debug for project PuertaCorredera ****
make -j12 all 
arm-none-eabi-gcc "../Core/Src/main.c" -mcpu=cortex-m4 -std=gnu11 -g3 -DDEBUG -DUSE_HAL_DRIVER -DSTM32F407xx -c -I../Core/Inc -I../Drivers/STM32F4xx_HAL_Driver/Inc -I../Drivers/STM32F4xx_HAL_Driver/Inc/Legacy -I../Drivers/CMSIS/Device/ST/STM32F4xx/Include -I../Drivers/CMSIS/Include -O0 -ffunction-sections -fdata-sections -Wall -fstack-usage -fcyclomatic-complexity -MMD -MP -MF"Core/Src/main.d" -MT"Core/Src/main.o" --specs=nano.specs -mfpu=fpv4-sp-d16 -mfloat-abi=hard -mthumb -o "Core/Src/main.o"
arm-none-eabi-gcc -o "PuertaCorredera.elf" @"objects.list"   -mcpu=cortex-m4 -T"C:\Users\fpuya\SED\Trabajo-SED-Micro\PuertaCorredera\STM32F407VGTX_FLASH.ld" --specs=nosys.specs -Wl,-Map="PuertaCorredera.map" -Wl,--gc-sections -static --specs=nano.specs -mfpu=fpv4-sp-d16 -mfloat-abi=hard -mthumb -Wl,--start-group -lc -lm -Wl,--end-group
Finished building target: PuertaCorredera.elf
 
arm-none-eabi-size  PuertaCorredera.elf 
arm-none-eabi-objdump -h -S PuertaCorredera.elf  > "PuertaCorredera.list"
   text	   data	    bss	    dec	    hex	filename
   6248	     12	   1596	   7856	   1eb0	PuertaCorredera.elf
Finished building: default.size.stdout
 
Finished building: PuertaCorredera.list
 
21:05:16 **** Incremental Build of configuration Debug for project PuertaCorredera ****
make -j12 all 
arm-none-eabi-size  PuertaCorredera.elf 
   text	   data	    bss	    dec	    hex	filename
   6248	     12	   1596	   7856	   1eb0	PuertaCorredera.elf
Finished building: default.size.stdout
 
